---
source: crates/reckon-cli/src/render.rs
expression: out
---
┌─────────┬────────────┬─────────┬───────┐
│ Month   │ Source     │   Total │  Cost │
├─────────┼────────────┼─────────┼───────┤
│ 2026-05 │ claude     │ 365,000 │ $0.93 │
├─────────┼────────────┼─────────┼───────┤
│ 2026-05 │ gemini     │ 135,000 │ $0.69 │
├─────────┼────────────┼─────────┼───────┤
│ 2026-05 │ opencode   │ 120,000 │ $0.33 │
├─────────┼────────────┼─────────┼───────┤
│ 2026-05 │ openrouter │  33,000 │ $0.97 │
├─────────┼────────────┼─────────┼───────┤
│ 2026-05 │ TOTAL      │ 653,000 │ $2.93 │
├─────────┼────────────┼─────────┼───────┤
│ 2026-04 │ claude     │ 147,000 │ $1.86 │
├─────────┼────────────┼─────────┼───────┤
│ 2026-04 │ codex      │  18,000 │ $0.00 │
├─────────┼────────────┼─────────┼───────┤
│ 2026-04 │ pi         │  26,500 │ $0.07 │
├─────────┼────────────┼─────────┼───────┤
│ 2026-04 │ TOTAL      │ 191,500 │ $1.93 │
└─────────┴────────────┴─────────┴───────┘
